
   _____ _              _               _   _ ______ _______  
  / ____| |            | |             | \ | |  ____|__   __| 
 | (___ | |_ _ __ _   _| | _____ _ __  |  \| | |__     | |    
  \___ \| __| '__| | | | |/ / _ \ '__| | . ` |  __|    | |    
  ____) | |_| |  | |_| |   <  __/ |    | |\  | |____   | |    
 |_____/ \__|_|   \__, |_|\_\___|_| (_)|_| \_|______|  |_|    
                   __/ |                                      
                  |___/                                       


Version: 4.16.0

[10:43:46 INF] Analysis starting.
[10:43:46 INF] Analyzing 1 test project(s).
[10:43:48 INF] Found project C:\src\Repos\stryker-3813-repro\Case3.WpfLibrary\Wpf.Library\Wpf.Library.csproj to mutate.
[10:43:48 INF] Analysis complete.
[10:43:48 INF] Building test project C:\src\Repos\stryker-3813-repro\Case3.WpfLibrary\Wpf.Library.Tests\Wpf.Library.Tests.csproj (1/1)
[10:43:49 INF] Building project Wpf.Library.Tests.csproj using dotnet build Wpf.Library.Tests.csproj -c Debug --property:Platform=AnyCPU (directory C:\src\Repos\stryker-3813-repro\Case3.WpfLibrary\Wpf.Library.Tests.)
[10:43:50 WRN] The Microsoft Test Platform testrunner is currently in preview. Results should be verified since this feature is still being tested.
[10:43:50 INF] Number of tests found: 3 for project C:\src\Repos\stryker-3813-repro\Case3.WpfLibrary\Wpf.Library\Wpf.Library.csproj. Initial test run started.
[10:43:52 WRN] An unidentified mutation in C:\src\Repos\stryker-3813-repro\Case3.WpfLibrary\Wpf.Library\obj\Debug\net10.0-windows\GeneratedInternalTypeHelper.g.cs resulted in a compile error (at 18:24) with id: CS0101, message: The namespace 'XamlGeneratedNamespace' already contains a definition for 'GeneratedInternalTypeHelper' (Source code: [System.Diagnostics.DebuggerNonUserCodeAttribute()]
    [System.CodeDom.Compiler.GeneratedCodeAttribute("PresentationBuildTasks", "10.0.11.0")]
    [System.ComponentModel.EditorBrowsableAttribute(System.ComponentModel.EditorBrowsableState.Never)]
    public sealed class GeneratedInternalTypeHelper : System.Windows.Markup.InternalTypeHelper {
        
        /// <summary>
        /// CreateInstance
        /// </summary>
        protected override object CreateInstance(System.Type type, System.Globalization.CultureInfo culture) {
            return System.Activator.CreateInstance(type, ((System.Reflection.BindingFlags.Public | System.Reflection.BindingFlags.NonPublic) 
                            | (System.Reflection.BindingFlags.Instance | System.Reflection.BindingFlags.CreateInstance)), null, null, culture);
        }
        
        /// <summary>
        /// GetPropertyValue
        /// </summary>
        protected override object GetPropertyValue(System.Reflection.PropertyInfo propertyInfo, object target, System.Globalization.CultureInfo culture) {
            return propertyInfo.GetValue(target, System.Reflection.BindingFlags.Default, null, null, culture);
        }
        
        /// <summary>
        /// SetPropertyValue
        /// </summary>
        protected override void SetPropertyValue(System.Reflection.PropertyInfo propertyInfo, object target, object value, System.Globalization.CultureInfo culture) {
            propertyInfo.SetValue(target, value, System.Reflection.BindingFlags.Default, null, null, culture);
        }
        
        /// <summary>
        /// CreateDelegate
        /// </summary>
        protected override System.Delegate CreateDelegate(System.Type delegateType, object target, string handler) {
            return ((System.Delegate)(target.GetType().InvokeMember("_CreateDelegate", (System.Reflection.BindingFlags.InvokeMethod 
                            | (System.Reflection.BindingFlags.NonPublic | System.Reflection.BindingFlags.Instance)), null, target, new object[] {
                        delegateType,
                        handler}, null)));
        }
        
        /// <summary>
        /// AddEventHandler
        /// </summary>
        protected override void AddEventHandler(System.Reflection.EventInfo eventInfo, object target, System.Delegate handler) {
            eventInfo.AddEventHandler(target, handler);
        }
    })
[10:43:52 INF] Safe Mode! Stryker will remove all mutations in whole file and mark them as 'compile error'.
[10:43:52 WRN] An unidentified mutation in C:\src\Repos\stryker-3813-repro\Case3.WpfLibrary\Wpf.Library\obj\Debug\net10.0-windows\GeneratedInternalTypeHelper.g.cs resulted in a compile error (at 15:5) with id: CS0579, message: Duplicate 'System.Diagnostics.DebuggerNonUserCodeAttribute' attribute (Source code: System.Diagnostics.DebuggerNonUserCodeAttribute)
[10:43:52 INF] Safe Mode! Stryker will remove all mutations in whole file and mark them as 'compile error'.
[10:43:52 WRN] An unidentified mutation in C:\src\Repos\stryker-3813-repro\Case3.WpfLibrary\Wpf.Library\obj\Debug\net10.0-windows\GeneratedInternalTypeHelper.g.cs resulted in a compile error (at 16:5) with id: CS0579, message: Duplicate 'System.CodeDom.Compiler.GeneratedCodeAttribute' attribute (Source code: System.CodeDom.Compiler.GeneratedCodeAttribute)
[10:43:52 INF] Safe Mode! Stryker will remove all mutations in whole file and mark them as 'compile error'.
[10:43:52 WRN] An unidentified mutation in C:\src\Repos\stryker-3813-repro\Case3.WpfLibrary\Wpf.Library\obj\Debug\net10.0-windows\GeneratedInternalTypeHelper.g.cs resulted in a compile error (at 17:5) with id: CS0579, message: Duplicate 'System.ComponentModel.EditorBrowsableAttribute' attribute (Source code: System.ComponentModel.EditorBrowsableAttribute)
[10:43:52 INF] Safe Mode! Stryker will remove all mutations in whole file and mark them as 'compile error'.
[10:43:52 WRN] An unidentified mutation in C:\src\Repos\stryker-3813-repro\Case3.WpfLibrary\Wpf.Library\obj\Debug\net10.0-windows\GeneratedInternalTypeHelper.g.cs resulted in a compile error (at 23:34) with id: CS0111, message: Type 'GeneratedInternalTypeHelper' already defines a member called 'CreateInstance' with the same parameter types (Source code: protected override object CreateInstance(System.Type type, System.Globalization.CultureInfo culture) {
            return System.Activator.CreateInstance(type, ((System.Reflection.BindingFlags.Public | System.Reflection.BindingFlags.NonPublic) 
                            | (System.Reflection.BindingFlags.Instance | System.Reflection.BindingFlags.CreateInstance)), null, null, culture);
        })
[10:43:52 INF] Safe Mode! Stryker will remove all mutations in CreateInstance and mark them as 'compile error'.
[10:43:52 WRN] An unidentified mutation in C:\src\Repos\stryker-3813-repro\Case3.WpfLibrary\Wpf.Library\obj\Debug\net10.0-windows\GeneratedInternalTypeHelper.g.cs resulted in a compile error (at 31:34) with id: CS0111, message: Type 'GeneratedInternalTypeHelper' already defines a member called 'GetPropertyValue' with the same parameter types (Source code: protected override object GetPropertyValue(System.Reflection.PropertyInfo propertyInfo, object target, System.Globalization.CultureInfo culture) {
            return propertyInfo.GetValue(target, System.Reflection.BindingFlags.Default, null, null, culture);
        })
[10:43:52 INF] Safe Mode! Stryker will remove all mutations in GetPropertyValue and mark them as 'compile error'.
[10:43:52 WRN] An unidentified mutation in C:\src\Repos\stryker-3813-repro\Case3.WpfLibrary\Wpf.Library\obj\Debug\net10.0-windows\GeneratedInternalTypeHelper.g.cs resulted in a compile error (at 38:32) with id: CS0111, message: Type 'GeneratedInternalTypeHelper' already defines a member called 'SetPropertyValue' with the same parameter types (Source code: protected override void SetPropertyValue(System.Reflection.PropertyInfo propertyInfo, object target, object value, System.Globalization.CultureInfo culture) {
            propertyInfo.SetValue(target, value, System.Reflection.BindingFlags.Default, null, null, culture);
        })
[10:43:52 INF] Safe Mode! Stryker will remove all mutations in SetPropertyValue and mark them as 'compile error'.
[10:43:52 WRN] An unidentified mutation in C:\src\Repos\stryker-3813-repro\Case3.WpfLibrary\Wpf.Library\obj\Debug\net10.0-windows\GeneratedInternalTypeHelper.g.cs resulted in a compile error (at 45:43) with id: CS0111, message: Type 'GeneratedInternalTypeHelper' already defines a member called 'CreateDelegate' with the same parameter types (Source code: protected override System.Delegate CreateDelegate(System.Type delegateType, object target, string handler) {
            return ((System.Delegate)(target.GetType().InvokeMember("_CreateDelegate", (System.Reflection.BindingFlags.InvokeMethod 
                            | (System.Reflection.BindingFlags.NonPublic | System.Reflection.BindingFlags.Instance)), null, target, new object[] {
                        delegateType,
                        handler}, null)));
        })
[10:43:52 INF] Safe Mode! Stryker will remove all mutations in CreateDelegate and mark them as 'compile error'.
[10:43:52 WRN] An unidentified mutation in C:\src\Repos\stryker-3813-repro\Case3.WpfLibrary\Wpf.Library\obj\Debug\net10.0-windows\GeneratedInternalTypeHelper.g.cs resulted in a compile error (at 55:32) with id: CS0111, message: Type 'GeneratedInternalTypeHelper' already defines a member called 'AddEventHandler' with the same parameter types (Source code: protected override void AddEventHandler(System.Reflection.EventInfo eventInfo, object target, System.Delegate handler) {
            eventInfo.AddEventHandler(target, handler);
        })
[10:43:52 INF] Safe Mode! Stryker will remove all mutations in AddEventHandler and mark them as 'compile error'.
[10:43:52 FTL] Stryker.NET could not compile the project after mutation. This is probably an error for Stryker.NET and not your project. Please report this issue on github with the previous error message.
[10:43:52 ERR] An error occurred during the mutation test run 
System.AggregateException: One or more errors occurred. (Internal error due to compile error.)
 ---> Stryker.Abstractions.Exceptions.CompilationException: Internal error due to compile error.
   at Stryker.Core.Compiling.CSharpRollbackProcess.RollbackMutationsInError(ICompilationContent wrapper, ImmutableArray`1 diagnostics, Mode mode, Boolean devMode) in /_/src/Stryker.Core/Stryker.Core/Compiling/CSharpRollbackProcess.cs:line 82
   at Stryker.Core.Compiling.CsharpCompilingProcess.TryCompilation(Stream ms, Stream symbolStream, EmitResult previousEmitResult, Mode mode, Int32 retryCount) in /_/src/Stryker.Core/Stryker.Core/Compiling/CsharpCompilingProcess.cs:line 184
   at Stryker.Core.Compiling.CsharpCompilingProcess.Compile(Stream ilStream, Stream symbolStream) in /_/src/Stryker.Core/Stryker.Core/Compiling/CsharpCompilingProcess.cs:line 95
   at Stryker.Core.MutationTest.CsharpMutationProcess.CompileMutations(MutationTestInput input, CsharpCompilingProcess compilingProcess) in /_/src/Stryker.Core/Stryker.Core/MutationTest/CsharpMutationProcess.cs:line 72
   at Stryker.Core.MutationTest.CsharpMutationProcess.Mutate(MutationTestInput input, IStrykerOptions options) in /_/src/Stryker.Core/Stryker.Core/MutationTest/CsharpMutationProcess.cs:line 62
   at Stryker.Core.MutationTest.MutationTestProcess.Mutate() in /_/src/Stryker.Core/Stryker.Core/MutationTest/MutationTestProcess.cs:line 65
   at Stryker.Core.Initialisation.ProjectMutator.MutateProject(IStrykerOptions options, MutationTestInput input, IReporter reporters, IMutationTestProcess mutationTestProcess) in /_/src/Stryker.Core/Stryker.Core/Initialisation/ProjectMutator.cs:line 39
   at Stryker.Core.Initialisation.ProjectOrchestrator.<>c__DisplayClass8_0.<MutateProjectsAsync>b__0(MutationTestInput mutationTestInput) in /_/src/Stryker.Core/Stryker.Core/Initialisation/ProjectOrchestrator.cs:line 76
   at System.Threading.Tasks.Parallel.<>c__DisplayClass19_0`2.<ForWorker>b__1(RangeWorker& currentWorker, Int64 timeout, Boolean& replicationDelegateYieldedBeforeCompletion)
--- End of stack trace from previous location ---
   at System.Threading.Tasks.Parallel.<>c__DisplayClass19_0`2.<ForWorker>b__1(RangeWorker& currentWorker, Int64 timeout, Boolean& replicationDelegateYieldedBeforeCompletion)
   at System.Threading.Tasks.TaskReplicator.Replica.Execute()
   --- End of inner exception stack trace ---
   at System.Threading.Tasks.TaskReplicator.Run[TState](ReplicatableUserAction`1 action, ParallelOptions options, Boolean stopOnFirstFailure)
   at System.Threading.Tasks.Parallel.ForWorker[TLocal,TInt](TInt fromInclusive, TInt toExclusive, ParallelOptions parallelOptions, Action`1 body, Action`2 bodyWithState, Func`4 bodyWithLocal, Func`1 localInit, Action`1 localFinally)
--- End of stack trace from previous location ---
   at System.Threading.Tasks.Parallel.ForWorker[TLocal,TInt](TInt fromInclusive, TInt toExclusive, ParallelOptions parallelOptions, Action`1 body, Action`2 bodyWithState, Func`4 bodyWithLocal, Func`1 localInit, Action`1 localFinally)
   at System.Threading.Tasks.Parallel.ForEachWorker[TSource,TLocal](IEnumerable`1 source, ParallelOptions parallelOptions, Action`1 body, Action`2 bodyWithState, Action`3 bodyWithStateAndIndex, Func`4 bodyWithStateAndLocal, Func`5 bodyWithEverything, Func`1 localInit, Action`1 localFinally)
   at System.Threading.Tasks.Parallel.ForEach[TSource](IEnumerable`1 source, Action`1 body)
   at Stryker.Core.Initialisation.ProjectOrchestrator.MutateProjectsAsync(IStrykerOptions options, IReporter reporters, ITestRunner runner) in /_/src/Stryker.Core/Stryker.Core/Initialisation/ProjectOrchestrator.cs:line 74
   at Stryker.Core.StrykerRunner.RunMutationTestAsync(IStrykerInputs inputs) in /_/src/Stryker.Core/Stryker.Core/StrykerRunner.cs:line 61
[10:43:52 INF] Time Elapsed 00:00:05.8940894
Unhandled exception. System.AggregateException: One or more errors occurred. (Internal error due to compile error.)
 ---> Stryker.Abstractions.Exceptions.CompilationException: Internal error due to compile error.
   at Stryker.Core.Compiling.CSharpRollbackProcess.RollbackMutationsInError(ICompilationContent wrapper, ImmutableArray`1 diagnostics, Mode mode, Boolean devMode) in /_/src/Stryker.Core/Stryker.Core/Compiling/CSharpRollbackProcess.cs:line 82
   at Stryker.Core.Compiling.CsharpCompilingProcess.TryCompilation(Stream ms, Stream symbolStream, EmitResult previousEmitResult, Mode mode, Int32 retryCount) in /_/src/Stryker.Core/Stryker.Core/Compiling/CsharpCompilingProcess.cs:line 184
   at Stryker.Core.Compiling.CsharpCompilingProcess.Compile(Stream ilStream, Stream symbolStream) in /_/src/Stryker.Core/Stryker.Core/Compiling/CsharpCompilingProcess.cs:line 95
   at Stryker.Core.MutationTest.CsharpMutationProcess.CompileMutations(MutationTestInput input, CsharpCompilingProcess compilingProcess) in /_/src/Stryker.Core/Stryker.Core/MutationTest/CsharpMutationProcess.cs:line 72
   at Stryker.Core.MutationTest.CsharpMutationProcess.Mutate(MutationTestInput input, IStrykerOptions options) in /_/src/Stryker.Core/Stryker.Core/MutationTest/CsharpMutationProcess.cs:line 62
   at Stryker.Core.MutationTest.MutationTestProcess.Mutate() in /_/src/Stryker.Core/Stryker.Core/MutationTest/MutationTestProcess.cs:line 65
   at Stryker.Core.Initialisation.ProjectMutator.MutateProject(IStrykerOptions options, MutationTestInput input, IReporter reporters, IMutationTestProcess mutationTestProcess) in /_/src/Stryker.Core/Stryker.Core/Initialisation/ProjectMutator.cs:line 39
   at Stryker.Core.Initialisation.ProjectOrchestrator.<>c__DisplayClass8_0.<MutateProjectsAsync>b__0(MutationTestInput mutationTestInput) in /_/src/Stryker.Core/Stryker.Core/Initialisation/ProjectOrchestrator.cs:line 76
   at System.Threading.Tasks.Parallel.<>c__DisplayClass19_0`2.<ForWorker>b__1(RangeWorker& currentWorker, Int64 timeout, Boolean& replicationDelegateYieldedBeforeCompletion)
--- End of stack trace from previous location ---
   at System.Threading.Tasks.Parallel.<>c__DisplayClass19_0`2.<ForWorker>b__1(RangeWorker& currentWorker, Int64 timeout, Boolean& replicationDelegateYieldedBeforeCompletion)
   at System.Threading.Tasks.TaskReplicator.Replica.Execute()
   --- End of inner exception stack trace ---
   at System.Threading.Tasks.TaskReplicator.Run[TState](ReplicatableUserAction`1 action, ParallelOptions options, Boolean stopOnFirstFailure)
   at System.Threading.Tasks.Parallel.ForWorker[TLocal,TInt](TInt fromInclusive, TInt toExclusive, ParallelOptions parallelOptions, Action`1 body, Action`2 bodyWithState, Func`4 bodyWithLocal, Func`1 localInit, Action`1 localFinally)
--- End of stack trace from previous location ---
   at System.Threading.Tasks.Parallel.ForWorker[TLocal,TInt](TInt fromInclusive, TInt toExclusive, ParallelOptions parallelOptions, Action`1 body, Action`2 bodyWithState, Func`4 bodyWithLocal, Func`1 localInit, Action`1 localFinally)
   at System.Threading.Tasks.Parallel.ForEachWorker[TSource,TLocal](IEnumerable`1 source, ParallelOptions parallelOptions, Action`1 body, Action`2 bodyWithState, Action`3 bodyWithStateAndIndex, Func`4 bodyWithStateAndLocal, Func`5 bodyWithEverything, Func`1 localInit, Action`1 localFinally)
   at System.Threading.Tasks.Parallel.ForEach[TSource](IEnumerable`1 source, Action`1 body)
   at Stryker.Core.Initialisation.ProjectOrchestrator.MutateProjectsAsync(IStrykerOptions options, IReporter reporters, ITestRunner runner) in /_/src/Stryker.Core/Stryker.Core/Initialisation/ProjectOrchestrator.cs:line 74
   at Stryker.Core.StrykerRunner.RunMutationTestAsync(IStrykerInputs inputs) in /_/src/Stryker.Core/Stryker.Core/StrykerRunner.cs:line 61
   at Stryker.CLI.StrykerCli.RunStrykerAsync(IStrykerInputs inputs) in /_/src/Stryker.CLI/Stryker.CLI/StrykerCLI.cs:line 157
   at Stryker.CLI.StrykerCli.<>c__DisplayClass11_0.<<RunAsync>b__0>d.MoveNext() in /_/src/Stryker.CLI/Stryker.CLI/StrykerCLI.cs:line 129
--- End of stack trace from previous location ---
   at McMaster.Extensions.CommandLineUtils.CommandLineApplication.ExecuteAsync(String[] args, CancellationToken cancellationToken)
   at Stryker.CLI.StrykerCli.RunAsync(String[] args) in /_/src/Stryker.CLI/Stryker.CLI/StrykerCLI.cs:line 135
   at Stryker.CLI.Program.Main(String[] args) in /_/src/Stryker.CLI/Stryker.CLI/Program.cs:line 28
   at Stryker.CLI.Program.<Main>(String[] args)
