
   _____ _              _               _   _ ______ _______  
  / ____| |            | |             | \ | |  ____|__   __| 
 | (___ | |_ _ __ _   _| | _____ _ __  |  \| | |__     | |    
  \___ \| __| '__| | | | |/ / _ \ '__| | . ` |  __|    | |    
  ____) | |_| |  | |_| |   <  __/ |    | |\  | |____   | |    
 |_____/ \__|_|   \__, |_|\_\___|_| (_)|_| \_|______|  |_|    
                   __/ |                                      
                  |___/                                       


Version: 4.16.0

[10:42:37 INF] Analysis starting.
[10:42:37 INF] Analyzing 1 test project(s).
[10:42:39 INF] Found project C:\src\Repos\stryker-3813-repro\Case2.WpfApp\Wpf.App\Wpf.App.csproj to mutate.
[10:42:39 INF] Analysis complete.
[10:42:39 INF] Building test project C:\src\Repos\stryker-3813-repro\Case2.WpfApp\Wpf.App.Tests\Wpf.App.Tests.csproj (1/1)
[10:42:40 INF] Building project Wpf.App.Tests.csproj using dotnet build Wpf.App.Tests.csproj -c Debug --property:Platform=AnyCPU (directory C:\src\Repos\stryker-3813-repro\Case2.WpfApp\Wpf.App.Tests.)
[10:42:41 WRN] The Microsoft Test Platform testrunner is currently in preview. Results should be verified since this feature is still being tested.
[10:42:41 INF] Number of tests found: 2 for project C:\src\Repos\stryker-3813-repro\Case2.WpfApp\Wpf.App\Wpf.App.csproj. Initial test run started.
[10:42:43 WRN] An unidentified mutation in C:\src\Repos\stryker-3813-repro\Case2.WpfApp\Wpf.App\obj\Debug\net10.0-windows\MainWindow.g.cs resulted in a compile error (at 40:25) with id: CS8646, message: 'IComponentConnector.Connect(int, object)' is explicitly implemented more than once. (Source code: public partial class MainWindow : System.Windows.Window, System.Windows.Markup.IComponentConnector {
        
        private bool _contentLoaded;
        
        /// <summary>
        /// InitializeComponent
        /// </summary>
        [System.Diagnostics.DebuggerNonUserCodeAttribute()]
        [System.CodeDom.Compiler.GeneratedCodeAttribute("PresentationBuildTasks", "10.0.11.0")]
        public void InitializeComponent() {
            if (_contentLoaded) {
                return;
            }
            _contentLoaded = true;
            System.Uri resourceLocater = new System.Uri("/Wpf.App;V1.0.0.0;component/mainwindow.xaml", System.UriKind.Relative);
            
            #line 1 "..\..\..\MainWindow.xaml"
            System.Windows.Application.LoadComponent(this, resourceLocater);
            
            #line default
            #line hidden
        }
        
        [System.Diagnostics.DebuggerNonUserCodeAttribute()]
        [System.CodeDom.Compiler.GeneratedCodeAttribute("PresentationBuildTasks", "10.0.11.0")]
        [System.ComponentModel.EditorBrowsableAttribute(System.ComponentModel.EditorBrowsableState.Never)]
        [System.Diagnostics.CodeAnalysis.SuppressMessageAttribute("Microsoft.Design", "CA1033:InterfaceMethodsShouldBeCallableByChildTypes")]
        [System.Diagnostics.CodeAnalysis.SuppressMessageAttribute("Microsoft.Maintainability", "CA1502:AvoidExcessiveComplexity")]
        [System.Diagnostics.CodeAnalysis.SuppressMessageAttribute("Microsoft.Performance", "CA1800:DoNotCastUnnecessarily")]
        void System.Windows.Markup.IComponentConnector.Connect(int connectionId, object target) {
            this._contentLoaded = true;
        }
    })
[10:42:43 INF] Safe Mode! Stryker will remove all mutations in whole file and mark them as 'compile error'.
[10:42:43 WRN] An unidentified mutation in C:\src\Repos\stryker-3813-repro\Case2.WpfApp\Wpf.App\obj\Debug\net10.0-windows\MainWindow.g.cs resulted in a compile error (at 50:16) with id: CS0229, message: Ambiguity between 'MainWindow._contentLoaded' and 'MainWindow._contentLoaded' (Source code: _contentLoaded)
[10:42:43 INF] Safe Mode! Stryker will remove all mutations in InitializeComponent and mark them as 'compile error'.
[10:42:43 WRN] An unidentified mutation in C:\src\Repos\stryker-3813-repro\Case2.WpfApp\Wpf.App\obj\Debug\net10.0-windows\MainWindow.g.cs resulted in a compile error (at 53:12) with id: CS0229, message: Ambiguity between 'MainWindow._contentLoaded' and 'MainWindow._contentLoaded' (Source code: _contentLoaded)
[10:42:43 INF] Safe Mode! Stryker will remove all mutations in InitializeComponent and mark them as 'compile error'.
[10:42:43 WRN] An unidentified mutation in C:\src\Repos\stryker-3813-repro\Case2.WpfApp\Wpf.App\obj\Debug\net10.0-windows\MainWindow.g.cs resulted in a compile error (at 70:17) with id: CS0229, message: Ambiguity between 'MainWindow._contentLoaded' and 'MainWindow._contentLoaded' (Source code: _contentLoaded)
[10:42:43 INF] Safe Mode! Stryker will remove all mutations in Connect and mark them as 'compile error'.
[10:42:43 FTL] Stryker.NET could not compile the project after mutation. This is probably an error for Stryker.NET and not your project. Please report this issue on github with the previous error message.
[10:42:43 ERR] An error occurred during the mutation test run 
System.AggregateException: One or more errors occurred. (Internal error due to compile error.)
 ---> Stryker.Abstractions.Exceptions.CompilationException: Internal error due to compile error.
   at Stryker.Core.Compiling.CSharpRollbackProcess.RollbackMutationsInError(ICompilationContent wrapper, ImmutableArray`1 diagnostics, Mode mode, Boolean devMode) in /_/src/Stryker.Core/Stryker.Core/Compiling/CSharpRollbackProcess.cs:line 82
   at Stryker.Core.Compiling.CsharpCompilingProcess.TryCompilation(Stream ms, Stream symbolStream, EmitResult previousEmitResult, Mode mode, Int32 retryCount) in /_/src/Stryker.Core/Stryker.Core/Compiling/CsharpCompilingProcess.cs:line 184
   at Stryker.Core.Compiling.CsharpCompilingProcess.Compile(Stream ilStream, Stream symbolStream) in /_/src/Stryker.Core/Stryker.Core/Compiling/CsharpCompilingProcess.cs:line 95
   at Stryker.Core.MutationTest.CsharpMutationProcess.CompileMutations(MutationTestInput input, CsharpCompilingProcess compilingProcess) in /_/src/Stryker.Core/Stryker.Core/MutationTest/CsharpMutationProcess.cs:line 72
   at Stryker.Core.MutationTest.CsharpMutationProcess.Mutate(MutationTestInput input, IStrykerOptions options) in /_/src/Stryker.Core/Stryker.Core/MutationTest/CsharpMutationProcess.cs:line 62
   at Stryker.Core.MutationTest.MutationTestProcess.Mutate() in /_/src/Stryker.Core/Stryker.Core/MutationTest/MutationTestProcess.cs:line 65
   at Stryker.Core.Initialisation.ProjectMutator.MutateProject(IStrykerOptions options, MutationTestInput input, IReporter reporters, IMutationTestProcess mutationTestProcess) in /_/src/Stryker.Core/Stryker.Core/Initialisation/ProjectMutator.cs:line 39
   at Stryker.Core.Initialisation.ProjectOrchestrator.<>c__DisplayClass8_0.<MutateProjectsAsync>b__0(MutationTestInput mutationTestInput) in /_/src/Stryker.Core/Stryker.Core/Initialisation/ProjectOrchestrator.cs:line 76
   at System.Threading.Tasks.Parallel.<>c__DisplayClass19_0`2.<ForWorker>b__1(RangeWorker& currentWorker, Int64 timeout, Boolean& replicationDelegateYieldedBeforeCompletion)
--- End of stack trace from previous location ---
   at System.Threading.Tasks.Parallel.<>c__DisplayClass19_0`2.<ForWorker>b__1(RangeWorker& currentWorker, Int64 timeout, Boolean& replicationDelegateYieldedBeforeCompletion)
   at System.Threading.Tasks.TaskReplicator.Replica.Execute()
   --- End of inner exception stack trace ---
   at System.Threading.Tasks.TaskReplicator.Run[TState](ReplicatableUserAction`1 action, ParallelOptions options, Boolean stopOnFirstFailure)
   at System.Threading.Tasks.Parallel.ForWorker[TLocal,TInt](TInt fromInclusive, TInt toExclusive, ParallelOptions parallelOptions, Action`1 body, Action`2 bodyWithState, Func`4 bodyWithLocal, Func`1 localInit, Action`1 localFinally)
--- End of stack trace from previous location ---
   at System.Threading.Tasks.Parallel.ForWorker[TLocal,TInt](TInt fromInclusive, TInt toExclusive, ParallelOptions parallelOptions, Action`1 body, Action`2 bodyWithState, Func`4 bodyWithLocal, Func`1 localInit, Action`1 localFinally)
   at System.Threading.Tasks.Parallel.ForEachWorker[TSource,TLocal](IEnumerable`1 source, ParallelOptions parallelOptions, Action`1 body, Action`2 bodyWithState, Action`3 bodyWithStateAndIndex, Func`4 bodyWithStateAndLocal, Func`5 bodyWithEverything, Func`1 localInit, Action`1 localFinally)
   at System.Threading.Tasks.Parallel.ForEach[TSource](IEnumerable`1 source, Action`1 body)
   at Stryker.Core.Initialisation.ProjectOrchestrator.MutateProjectsAsync(IStrykerOptions options, IReporter reporters, ITestRunner runner) in /_/src/Stryker.Core/Stryker.Core/Initialisation/ProjectOrchestrator.cs:line 74
   at Stryker.Core.StrykerRunner.RunMutationTestAsync(IStrykerInputs inputs) in /_/src/Stryker.Core/Stryker.Core/StrykerRunner.cs:line 61
[10:42:43 INF] Time Elapsed 00:00:05.7878316
Unhandled exception. System.AggregateException: One or more errors occurred. (Internal error due to compile error.)
 ---> Stryker.Abstractions.Exceptions.CompilationException: Internal error due to compile error.
   at Stryker.Core.Compiling.CSharpRollbackProcess.RollbackMutationsInError(ICompilationContent wrapper, ImmutableArray`1 diagnostics, Mode mode, Boolean devMode) in /_/src/Stryker.Core/Stryker.Core/Compiling/CSharpRollbackProcess.cs:line 82
   at Stryker.Core.Compiling.CsharpCompilingProcess.TryCompilation(Stream ms, Stream symbolStream, EmitResult previousEmitResult, Mode mode, Int32 retryCount) in /_/src/Stryker.Core/Stryker.Core/Compiling/CsharpCompilingProcess.cs:line 184
   at Stryker.Core.Compiling.CsharpCompilingProcess.Compile(Stream ilStream, Stream symbolStream) in /_/src/Stryker.Core/Stryker.Core/Compiling/CsharpCompilingProcess.cs:line 95
   at Stryker.Core.MutationTest.CsharpMutationProcess.CompileMutations(MutationTestInput input, CsharpCompilingProcess compilingProcess) in /_/src/Stryker.Core/Stryker.Core/MutationTest/CsharpMutationProcess.cs:line 72
   at Stryker.Core.MutationTest.CsharpMutationProcess.Mutate(MutationTestInput input, IStrykerOptions options) in /_/src/Stryker.Core/Stryker.Core/MutationTest/CsharpMutationProcess.cs:line 62
   at Stryker.Core.MutationTest.MutationTestProcess.Mutate() in /_/src/Stryker.Core/Stryker.Core/MutationTest/MutationTestProcess.cs:line 65
   at Stryker.Core.Initialisation.ProjectMutator.MutateProject(IStrykerOptions options, MutationTestInput input, IReporter reporters, IMutationTestProcess mutationTestProcess) in /_/src/Stryker.Core/Stryker.Core/Initialisation/ProjectMutator.cs:line 39
   at Stryker.Core.Initialisation.ProjectOrchestrator.<>c__DisplayClass8_0.<MutateProjectsAsync>b__0(MutationTestInput mutationTestInput) in /_/src/Stryker.Core/Stryker.Core/Initialisation/ProjectOrchestrator.cs:line 76
   at System.Threading.Tasks.Parallel.<>c__DisplayClass19_0`2.<ForWorker>b__1(RangeWorker& currentWorker, Int64 timeout, Boolean& replicationDelegateYieldedBeforeCompletion)
--- End of stack trace from previous location ---
   at System.Threading.Tasks.Parallel.<>c__DisplayClass19_0`2.<ForWorker>b__1(RangeWorker& currentWorker, Int64 timeout, Boolean& replicationDelegateYieldedBeforeCompletion)
   at System.Threading.Tasks.TaskReplicator.Replica.Execute()
   --- End of inner exception stack trace ---
   at System.Threading.Tasks.TaskReplicator.Run[TState](ReplicatableUserAction`1 action, ParallelOptions options, Boolean stopOnFirstFailure)
   at System.Threading.Tasks.Parallel.ForWorker[TLocal,TInt](TInt fromInclusive, TInt toExclusive, ParallelOptions parallelOptions, Action`1 body, Action`2 bodyWithState, Func`4 bodyWithLocal, Func`1 localInit, Action`1 localFinally)
--- End of stack trace from previous location ---
   at System.Threading.Tasks.Parallel.ForWorker[TLocal,TInt](TInt fromInclusive, TInt toExclusive, ParallelOptions parallelOptions, Action`1 body, Action`2 bodyWithState, Func`4 bodyWithLocal, Func`1 localInit, Action`1 localFinally)
   at System.Threading.Tasks.Parallel.ForEachWorker[TSource,TLocal](IEnumerable`1 source, ParallelOptions parallelOptions, Action`1 body, Action`2 bodyWithState, Action`3 bodyWithStateAndIndex, Func`4 bodyWithStateAndLocal, Func`5 bodyWithEverything, Func`1 localInit, Action`1 localFinally)
   at System.Threading.Tasks.Parallel.ForEach[TSource](IEnumerable`1 source, Action`1 body)
   at Stryker.Core.Initialisation.ProjectOrchestrator.MutateProjectsAsync(IStrykerOptions options, IReporter reporters, ITestRunner runner) in /_/src/Stryker.Core/Stryker.Core/Initialisation/ProjectOrchestrator.cs:line 74
   at Stryker.Core.StrykerRunner.RunMutationTestAsync(IStrykerInputs inputs) in /_/src/Stryker.Core/Stryker.Core/StrykerRunner.cs:line 61
   at Stryker.CLI.StrykerCli.RunStrykerAsync(IStrykerInputs inputs) in /_/src/Stryker.CLI/Stryker.CLI/StrykerCLI.cs:line 157
   at Stryker.CLI.StrykerCli.<>c__DisplayClass11_0.<<RunAsync>b__0>d.MoveNext() in /_/src/Stryker.CLI/Stryker.CLI/StrykerCLI.cs:line 129
--- End of stack trace from previous location ---
   at McMaster.Extensions.CommandLineUtils.CommandLineApplication.ExecuteAsync(String[] args, CancellationToken cancellationToken)
   at Stryker.CLI.StrykerCli.RunAsync(String[] args) in /_/src/Stryker.CLI/Stryker.CLI/StrykerCLI.cs:line 135
   at Stryker.CLI.Program.Main(String[] args) in /_/src/Stryker.CLI/Stryker.CLI/Program.cs:line 28
   at Stryker.CLI.Program.<Main>(String[] args)
